src/App.tsx(122,9): error TS6133: 'addMinion' is declared but its value is never read.
src/App.tsx(140,9): error TS6133: 'updateMinion' is declared but its value is never read.
src/App.tsx(144,9): error TS6133: 'removeMinion' is declared but its value is never read.
src/App.tsx(148,9): error TS6133: 'clearMinions' is declared but its value is never read.
src/components/features/combat/QuickActionsWidget.tsx(30,52): error TS2339: Property 'constitution' does not exist on type 'AbilityScores'.
src/components/features/combat/QuickActionsWidget.tsx(33,63): error TS2339: Property 'proficiencyBonus' does not exist on type 'CharacterState'.
src/components/features/combat/QuickActionsWidget.tsx(36,66): error TS2339: Property 'feats' does not exist on type 'CharacterState'.
src/components/views/CombatOverlay.tsx(61,9): error TS2322: Type '{ count: number; sides: number; type: string; scaling: { type: string; diceIncreasePerLevel: number; }; }[] | undefined' is not assignable to type '{ type: string; count: number; sides: number; scaling?: { type: "per_slot_level" | "per_character_level"; diceIncreasePerLevel?: number | undefined; sidesIncreasePerLevel?: number | undefined; flatIncreasePerLevel?: number | undefined; additionalEntriesPerLevel?: number | undefined; } | undefined; }[] | undefined'.
  Type '{ count: number; sides: number; type: string; scaling: { type: string; diceIncreasePerLevel: number; }; }[]' is not assignable to type '{ type: string; count: number; sides: number; scaling?: { type: "per_slot_level" | "per_character_level"; diceIncreasePerLevel?: number | undefined; sidesIncreasePerLevel?: number | undefined; flatIncreasePerLevel?: number | undefined; additionalEntriesPerLevel?: number | undefined; } | undefined; }[]'.
    Type '{ count: number; sides: number; type: string; scaling: { type: string; diceIncreasePerLevel: number; }; }' is not assignable to type '{ type: string; count: number; sides: number; scaling?: { type: "per_slot_level" | "per_character_level"; diceIncreasePerLevel?: number | undefined; sidesIncreasePerLevel?: number | undefined; flatIncreasePerLevel?: number | undefined; additionalEntriesPerLevel?: number | undefined; } | undefined; }'.
      The types of 'scaling.type' are incompatible between these types.
        Type 'string' is not assignable to type '"per_slot_level" | "per_character_level"'.
src/components/views/CombatView.tsx(30,18): error TS2304: Cannot find name 'MathStrip'.
src/store/slices/characterSlice.ts(218,27): error TS2339: Property 'current' does not exist on type 'number'.
src/store/slices/combatSlice.ts(4,23): error TS6196: 'MinionAttack' is declared but never used.
