src/schemas/spellSchema.ts(90,24): error TS2554: Expected 2-3 arguments, but got 1.
src/store/hooks.ts(1,10): error TS1484: 'TypedUseSelectorHook' is a type and must be imported using a type-only import when 'verbatimModuleSyntax' is enabled.
src/store/slices/characterSlice.ts(1,23): error TS1484: 'PayloadAction' is a type and must be imported using a type-only import when 'verbatimModuleSyntax' is enabled.
src/store/slices/spellbookSlice.ts(1,44): error TS1484: 'PayloadAction' is a type and must be imported using a type-only import when 'verbatimModuleSyntax' is enabled.
node.exe : npm notice
At line:1 char:1
+ & "C:\Program Files\
nodejs/node.exe" 
"C:\Program 
Files\nodejs/node_mo 
...
+ ~~~~~~~~~~~~~~~~~~~~
~~~~~~~~~~~~~~~~~~~~~~
~~~~~~~~~~~~~~~~~~~~~~
~~~~~
    + CategoryInfo    
          : NotSpeci  
  fied: (npm notice   
 :String) [], Remo    
teException
    + FullyQualifiedE 
   rrorId : NativeCo  
  mmandError
 
npm notice New minor 
version of npm 
available! 11.6.2 -> 
11.7.0
npm notice Changelog: 
https://github.com/npm
/cli/releases/tag/v11.
7.0
npm notice To update 
run: npm install -g 
npm@11.7.0
npm notice
